.next/types/validator.ts(348,39): error TS2307: Cannot find module '../../app/dashboard/settings/roles/page.js' or its corresponding type declarations.
